// Jest Snapshot v1, https://goo.gl/fbAQLP

exports[`should render code input 1`] = `
<div>
  <input
    className=""
    data-id={0}
    id="1"
    key="1"
    name="text"
    onChange={[Function]}
    onFocus={[Function]}
    onKeyDown={[Function]}
    type="text"
    value=""
  />
  <input
    className=""
    data-id={1}
    id="1"
    key="1"
    name="text"
    onChange={[Function]}
    onFocus={[Function]}
    onKeyDown={[Function]}
    type="text"
    value=""
  />
  <input
    className=""
    data-id={2}
    id="1"
    key="1"
    name="text"
    onChange={[Function]}
    onFocus={[Function]}
    onKeyDown={[Function]}
    type="text"
    value=""
  />
  <input
    className=""
    data-id={3}
    id="1"
    key="1"
    name="text"
    onChange={[Function]}
    onFocus={[Function]}
    onKeyDown={[Function]}
    type="text"
    value=""
  />
  <input
    className=""
    data-id={4}
    id="1"
    key="1"
    name="text"
    onChange={[Function]}
    onFocus={[Function]}
    onKeyDown={[Function]}
    type="text"
    value=""
  />
  <input
    className=""
    data-id={5}
    id="1"
    key="1"
    name="text"
    onChange={[Function]}
    onFocus={[Function]}
    onKeyDown={[Function]}
    type="text"
    value=""
  />
</div>
`;
